// Jest Snapshot v1, https://goo.gl/fbAQLP

exports[`Should render ExpenseListItem correctly 1`] = `
<div>
  <Link
    to="/edit/1"
  >
    <h3>
      Rent
    </h3>
  </Link>
  <p>
    $1,095.00
    <br />
    January 1st, 1970
  </p>
</div>
`;
