// Jest Snapshot v1, https://goo.gl/fbAQLP

exports[`Should render Header correctly 1`] = `
<header>
  <h1>
    Expensify
  </h1>
  <NavLink
    activeClassName="isActive"
    exact={true}
    to="/dashboard"
  >
    Dashboard
  </NavLink>
  <NavLink
    activeClassName="isActive"
    to="/create"
  >
    AddExpense
  </NavLink>
  <button
    onClick={[Function]}
  >
    Logout
  </button>
</header>
`;
